 AS V1.42 Beta [Bld 240] - Source File gleest_Z1013_KRT.asm - Page 1 - 12/3/2024 15:50:21


       1/       0 :                     ;------------------------------------------------------------------------------
       2/       0 :                     ; Titel:                GleEst für Z1013 KRT
       3/       0 :                     ;
       4/       0 :                     ; Erstellt:             20.11.2024
       5/       0 :                     ; Letzte Änderung:      29.11.2024
       6/       0 :                     ;------------------------------------------------------------------------------ 
       7/       0 :                     
       8/       0 :                             cpu     z80
       9/       0 :                     
      10/       0 :                     hi      function x,(x>>8)&255
      11/       0 :                     lo      function x, x&255
      12/       0 :                     
      13/       0 : =>DEFINED                    ifndef  BASE
      14/       0 :                                     BASE:   set     0100H   
      15/       0 : [13]                         endif   
      16/     100 :                                     org     BASE
      17/     100 :                             
      18/     100 : CD 01 02                    call    gein    ; Grafik einschalten
      19/     103 : CD 18 02                    call    cls     ; Bildschirm löschen
      20/     106 :                             
      21/     106 :                     ;------------------------------------------------------------------------------
      22/     106 :                             
      23/     106 :                             ; Start GleEst
      24/     106 :                             
      25/     106 : 31 20 0D                    ld      sp, stack
      26/     109 : 21 00 03                    ld      hl, buffer1
      27/     10C :                             
      28/     10C : D9                          exx
      29/     10D :                     
      30/     10D :                             loop_ix:
      31/     10D :                     
      32/     10D : 21 00 04                            ld      hl,buffer2
      33/     110 :                                     loop:   
      34/     110 :                                             ;ld     bc,10FFh        ; nur wenige Punkte (für Test)
      35/     110 : 01 06 3F                                    ld      bc,3F06h        ; BH = Abstand Punkte, BL = Anzahl Punkte 
      36/     113 :                                             
      37/     113 :                                             d_loop:
      38/     113 :                                                     ;
      39/     113 :                                                     ; Pixel löschen
      40/     113 :                                                     ;
      41/     113 :                                                     
      42/     113 : 5E                                                  ld      e,(hl)          ;BWS lo holen
      43/     114 : 23                                                  inc     hl
      44/     115 :                                                     
      45/     115 : 56                                                  ld      d,(hl)          ;BWS hi holen
      46/     116 : 23                                                  inc     hl
      47/     117 :                                                     
      48/     117 : 7E                                                  ld      a,(hl)          ;BWS-Block holen
      49/     118 : D3 08                                               out     (deco),a        ;BWS_Block setzen
      50/     11A : 23                                                  inc     hl
      51/     11B :                                                                             
      52/     11B : 1A                                                  ld      a,(de)          ;BWS-Byte holen (t)     
      53/     11C : B6                                                  or      (hl)            ;mit BWS-Byte (t-1) kombinieren (Bits löschen)                                               
      54/     11D : 12                                                  ld      (de),a          ;BWS schreiben 
      55/     11E :                                                     
      56/     11E : D9                                                  exx                     
      57/     11F :                                                     
      58/     11F : 7D                                                  proc:   ld      a,L
      59/     120 :                                                     
      60/     120 : 5E                                                          ld      e,(hl)   
 AS V1.42 Beta [Bld 240] - Source File gleest_Z1013_KRT.asm - Page 2 - 12/3/2024 15:50:21


      61/     121 : 2C                                                          inc     l
      62/     122 :                                                             
      63/     122 : 56                                                          ld      d,(hl) 
      64/     123 : 2C                                                          inc     l
      65/     124 :                                                             
      66/     124 : 2C                                                          inc     l
      67/     125 : 2C                                                          inc     l
      68/     126 :                                                             
      69/     126 : 4E                                                          ld      c,(hl)  
      70/     127 : 2C                                                          inc     l
      71/     128 :                                                             
      72/     128 : 46                                                          ld      b,(hl)
      73/     129 : EB                                                          ex      de,hl
      74/     12A : 09                                                          add     hl,bc
      75/     12B : EB                                                          ex      de,hl
      76/     12C : CB 3A                                                       srl     d
      77/     12E : CB 1B                                                       rr      e
      78/     130 : 6F                                                          ld      L,a
      79/     131 :                                                             
      80/     131 : 73                                                          ld      (hl),e
      81/     132 : 2C                                                          inc     l
      82/     133 :                                                             
      83/     133 : 72                                                          ld      (hl),d
      84/     134 : 2C                                                          inc     l
      85/     135 :                                                             
      86/     135 : D5                                                          push    de
      87/     136 : E6 02                                                       and     2       
      88/     138 :                                                             
      89/     138 : 28 E5                                               jr      z, proc
      90/     13A :                     
      91/     13A : C1                                                  pop     bc
      92/     13B : E3                                                  ex      (sp),hl
      93/     13C :                                                     
      94/     13C : D9                                                  exx
      95/     13D :                                                     
      96/     13D : 78                                                  ld      a,b
      97/     13E :                                                     
      98/     13E : D9                                                  exx
      99/     13F :                                                     
     100/     13F : FE 10                                               cp      10h
     101/     141 : 38 33                                               jr      c,dontplot
     102/     143 :                                                     
     103/     143 : 01 40 FD                                            ld      bc,0fd40h
     104/     146 : 09                                                  add     hl,bc
     105/     147 : CB 3C                                               srl     h
     106/     149 : 20 2B                                               jr      nz,dontplot
     107/     14B :                                                     
     108/     14B : CB 1D                                               rr      l
     109/     14D : 4D                                                  ld      c,L
     110/     14E : 7A                                                  ld      a,d
     111/     14F : 80                                                  add     a,b
     112/     150 : CB 3F                                               srl     a
     113/     152 : 20 22                                               jr      nz,dontplot
     114/     154 :                                                     
     115/     154 :                                             plot:
     116/     154 : 7B                                                  ld      a,e
     117/     155 : 1F                                                  rra
     118/     156 : FE FF                                               cp      0ffh		; Y max  
     119/     158 :                                                     
     120/     158 : 47                                                  ld      b,a
 AS V1.42 Beta [Bld 240] - Source File gleest_Z1013_KRT.asm - Page 3 - 12/3/2024 15:50:21


     121/     159 :                                                     
     122/     159 :                                                     ;
     123/     159 :                                                     ; Pixel schreiben
     124/     159 :                                                     ;
     125/     159 :                                                     
     126/     159 :                                                     ;-------------------------------
     127/     159 :                                                     ; ZX Spectrum 
     128/     159 :                                                     ;-------------------------------                                
     129/     159 :                     
     130/     159 :                                                     ; THE 'PIXEL ADDRESS' SUBROUTINE
     131/     159 :                                                     ; This subroutine is called by the POINT subroutine and by the PLOT command routine. 
     132/     159 :                                                     ; Is is entered with the co-ordinates of a pixel in the BC register pair and returns 
     133/     159 :                                                     ; with HL holding the address of the display file byte which contains that pixel 
     134/     159 :                                                     ; and A pointing to the position of the pixel within the byte.
     135/     159 :                                     
     136/     159 :                                                     ;call   c,22b0h         -> Spectrum ROM
     137/     159 :                                                     
     138/     159 :                                                     ;-------------------------------
     139/     159 :                                                     ; Z1013 KRT
     140/     159 :                                                     ;-------------------------------                                
     141/     159 :                                                     
     142/     159 :                                                     ; yx2ad
     143/     159 :                                                     ; in:  BC = Y,X 
     144/     159 :                                                     ; out: HL = VRAM, (ldeco)= BWS-Block, A = Bitpos (3-Bit binär)
     145/     159 :                                                     
     146/     159 : DC 35 02                                            call    c,yx2ad  
     147/     15C :                     
     148/     15C : 06 01                                               ld      b,hi(sprite-1)          
     149/     15E : 2F                                                  cpl
     150/     15F : 4F                                                  ld      c,a             
     151/     160 : 0A                                                  ld      a,(bc)          ; BWS-Byte holen
     152/     161 : A6                                                  and     (hl)            ; Hintergrund und Pixel 
     153/     162 : 77                                                  ld      (hl),a          ; BWS-Byte neu schreiben
     154/     163 : 2F                                                  cpl
     155/     164 :                                                     
     156/     164 : E5                                                  push    hl
     157/     165 :                                                     
     158/     165 : D9                                                  exx
     159/     166 :                                                     
     160/     166 : D1                                                  pop     de              
     161/     167 :                                        
     162/     167 : 77                                                  ld      (hl),a          ; BWS-Byte merken
     163/     168 : 2B                                                  dec     hl
     164/     169 :                                                             
     165/     169 : 3A 34 02                                            ld      a,(ldeco)       ; BWS-Block holen
     166/     16C : 77                                                  ld      (hl),a          ; BWS-Block merken
     167/     16D : 2B                                                  dec     hl
     168/     16E :                                                     
     169/     16E : 72                                                  ld      (hl),d          ; BWS hi merken
     170/     16F : 2B                                                  dec     hl
     171/     170 :                                                     
     172/     170 : 73                                                  ld      (hl),e          ; BWS lo merken
     173/     171 : 23                                                  inc     hl                      
     174/     172 : 23                                                  inc     hl
     175/     173 : 23                                                  inc     hl              
     176/     174 : 78                                                  ld      a,b
     177/     175 :                                                     
     178/     175 : D9                                                  exx
     179/     176 :                             
     180/     176 :                                             dontplot:
 AS V1.42 Beta [Bld 240] - Source File gleest_Z1013_KRT.asm - Page 4 - 12/3/2024 15:50:21


     181/     176 : E1                                                  pop     hl              
     182/     177 :                                                     
     183/     177 : D9                                                  exx
     184/     178 :                                                     
     185/     178 : 23                                                  inc     hl              
     186/     179 :                     
     187/     179 : 10 98                                       djnz    d_loop
     188/     17B :                     
     189/     17B : 09                                          add     hl,bc   
     190/     17C :                                             
     191/     17C : D9                                          exx                     
     192/     17D :                                             
     193/     17D :                                             random:
     194/     17D : D1                                                  pop     de
     195/     17E : 06 10                                               ld      b,10h
     196/     180 :                                                     
     197/     180 : CB 23                                               backw:  sla     e
     198/     182 : CB 12                                                       rl      d
     199/     184 : 7A                                                          ld      a,d
     200/     185 : E6 C0                                                       and     0c0h    
     201/     187 : EA 8B 01                                                    jp      pe,forw
     202/     18A : 1C                                                          inc     e
     203/     18B :                                                             
     204/     18B : 10 F3                                       forw:   djnz    backw
     205/     18D :                                             
     206/     18D : 7A                                                  ld      a,d
     207/     18E : D5                                                  push    de
     208/     18F : 1F                                                  rra
     209/     190 : CB 18                                               rr      b
     210/     192 : E6 07                                               and     07h
     211/     194 : 70                                                  ld      (hl),b   
     212/     195 : 2C                                                  inc     l
     213/     196 : 77                                                  ld      (hl),a  
     214/     197 : 2C                                                  inc     l
     215/     198 : 20 E3                                       jr      nz,random
     216/     19A :                                             
     217/     19A : D9                                          exx                             
     218/     19B :                                             
     219/     19B : 3E 0D                                       ld      a,hi(buffer2_end)
     220/     19D : BC                                          cp      a,h
     221/     19E :                                             
     222/     19E : C2 10 01                            jp      nz,loop
     223/     1A1 :                                     
     224/     1A1 : C3 0D 01                    jp      loop_ix
     225/     1A4 :                             
     226/     1A4 :                     ;------------------------------------------------------------------------------
     227/     1A4 :                     
     228/     1F8 :                             org     BASE+0F8h
     229/     1F8 :                     
     230/     1F8 : FE                          db      11111110b
     231/     1F9 : FD                          db      11111101b
     232/     1FA : FB                          db      11111011b
     233/     1FB : F7                          db      11110111b
     234/     1FC : EF                          db      11101111b
     235/     1FD : DF                          db      11011111b
     236/     1FE : BF                          db      10111111b
     237/     1FF : 7F                          db      01111111b
     238/     200 :                     sprite:
     239/     200 :                     
     240/     200 :                             
 AS V1.42 Beta [Bld 240] - Source File gleest_Z1013_KRT.asm - Page 5 - 12/3/2024 15:50:21


     241/     200 :                     ;------------------------------------------------------------------------------
     242/     200 :                     ; Z1013 KRT Grafik-Routinen von Dietmar Uhlig aus:
     243/     200 :                     ;
     244/     200 :                     ; https://github.com/duhlig/Z1013_software
     245/     200 :                     ;
     246/     200 :                     ;------------------------------------------------------------------------------
     247/     200 :                     
     248/     200 :                     ;;; Grafik einschalten
     249/     200 :                     
     250/     200 : 08                  geinp:  defb 08h        ; KRT: Port 8, FA: Port 0CH
     251/     201 :                     
     252/     201 : C5                  gein:   push bc
     253/     202 : 3A 00 02                    ld   a,(geinp)
     254/     205 : 4F                          ld   c,a
     255/     206 : 3E 08                       ld   a,08h
     256/     208 : ED 79                       out  (c),a
     257/     20A : C1                          pop  bc
     258/     20B : C9                          ret
     259/     20C :                     
     260/     20C :                     ;;; Grafik ausschalten
     261/     20C :                     
     262/     20C : 08                  gausp:  defb 08h        ; KRT: Port 8, FA: Port 10H
     263/     20D :                     
     264/     20D : C5                  gaus:   push bc
     265/     20E : 3A 0C 02                    ld   a,(gausp)
     266/     211 : 4F                          ld   c,a
     267/     212 : 3E 09                       ld   a,09h
     268/     214 : ED 79                       out  (c),a
     269/     216 : C1                          pop  bc
     270/     217 : C9                          ret
     271/     218 :                     
     272/     218 :                     ;;; Bildschirm löschen
     273/     218 :                     
     274/     218 : =8H                  deco    equ  08h
     275/     218 :                     
     276/     218 : E5                  cls:    push    hl
     277/     219 : D5                          push    de
     278/     21A : C5                          push    bc
     279/     21B :                             
     280/     21B : AF                          xor     a               ; Block 0
     281/     21C : D3 08               cls1:   out     (deco), a       ; Block aktivieren
     282/     21E : 21 00 EC                    ld      hl, 0EC00h      ; BWS Anfang
     283/     221 : 36 FF                       ld      (hl), 0FFh      ; erste 8 Pixel auf Hintergrund"farbe"
     284/     223 : 54                          ld      d, h
     285/     224 : 5D                          ld      e, l
     286/     225 : 13                          inc     de              ; Beginn des überlappenden Bereichs
     287/     226 : 01 FF 03                    ld      bc, 003FFh      ; Länge_BWS - 1
     288/     229 : ED B0                       ldir                    ; Hintergrund über BWS schmieren
     289/     22B : 3C                          inc     a
     290/     22C : FE 08                       cp      008h            ; Anzahl Blöcke
     291/     22E : 20 EC                       jr      nz, cls1
     292/     230 :                             
     293/     230 : C1                          pop     bc
     294/     231 : D1                          pop     de
     295/     232 : E1                          pop     hl
     296/     233 :                             
     297/     233 : C9                          ret
     298/     234 :                     
     299/     234 :                     ;;; Angepasst und erweitert für GleEst (HST, 28.11.24)  
     300/     234 :                     ;;;
 AS V1.42 Beta [Bld 240] - Source File gleest_Z1013_KRT.asm - Page 6 - 12/3/2024 15:50:21


     301/     234 :                     ;;; Koordinaten (BC) in BWS-Adresse (HL) umrechnen,
     302/     234 :                     ;;; Speicherseite schalten und merken in -> (ldeco) last deco,
     303/     234 :                     ;;; Pixelspalte in Reg. a zurückgeben
     304/     234 :                     
     305/     234 : 00                  ldeco:  db      0
     306/     235 :                     
     307/     235 : 78                  yx2ad:  ld   a,b        ; y-Koord.
     308/     236 : E6 F8                       and  a,0F8h     ; Bits 7-3 sind Teil der BWS-Adr.
     309/     238 : 6F                          ld   l,a
     310/     239 : 26 00                       ld   h,000h
     311/     23B : 29                          add  hl,hl
     312/     23C : 29                          add  hl,hl      ; y[7..3] -> BWS[9..5]
     313/     23D : 79                          ld   a,c        ; x-Koord.
     314/     23E : E6 F8                       and  a,0F8h     ; Bits 7-3 sind Teil der BWS-Adr.
     315/     240 : 0F                          rrca
     316/     241 : 0F                          rrca
     317/     242 : 0F                          rrca
     318/     243 : B5                          or   l          ; l[4..0] ist 0
     319/     244 : 6F                          ld   l,a        ; x[7..3] -> BWS[4..0]
     320/     245 : 7C                          ld   a,h
     321/     246 : C6 EC                       add  a,0ECh
     322/     248 : 67                          ld   h,a        ; --> hl += %EC00
     323/     249 : 78                          ld   a,b        ; a:=(pixze)
     324/     24A : E6 07                       and  a,007h     ; y[2..0] -> G-BWS-Block/-Seite
     325/     24C : D3 08                       out  (deco),a
     326/     24E : 32 34 02                    ld   (ldeco),a
     327/     251 : 79                          ld   a,c        ; a:=(pixsp)
     328/     252 : E6 07                       and  a,007h     ; x[2..0] ist Bitpos. im BWS-Byte       
     329/     254 : C9                          ret
     330/     255 :                             
     331/     255 :                     end
     332/     255 :                     
     333/     255 :                     ;------------------------------------------------------------------------------
     334/     255 :                     
     335/     255 :                             ; RAM für GleEst
     336/     255 :                             
     337/     255 :                             align   100h
     338/     300 :                             
     339/     300 :                     buffer1:        
     340/     300 :                             ds      100h
     341/     400 :                     buffer2:        
     342/     400 :                             ds      900h
     343/     D00 :                     buffer2_end:    
     344/     D00 :                             ds      20h
     345/     D20 :                     stack:  
     346/     D20 :                             
     347/     D20 :                             
     348/     D20 :                     
     349/     D20 :                     
     350/     D20 :                     
     351/     D20 :                     
 AS V1.42 Beta [Bld 240] - Source File gleest_Z1013_KRT.asm - Page 7 - 12/3/2024 15:50:21


  Symbol Table (* = unused):
  --------------------------

*ARCHITECTURE :                                        "i386-unknown-win32" - |
 BACKW :                        180 C |  BASE :                         100 - |
 BUFFER1 :                      300 C |  BUFFER2 :                      400 C |
 BUFFER2_END :                 0D00 C | *CASESENSITIVE :                  0 - |
 CLS :                          218 C |  CLS1 :                         21C C |
*CONSTPI :        3.141592653589793 - | *DATE :                 "12/3/2024" - |
 DECO :                           8 - |  DONTPLOT :                     176 C |
 D_LOOP :                       113 C | *END :                          255 C |
*FALSE :                          0 - |  FORW :                         18B C |
*FULLPMMU :                       1 - | *GAUS :                         20D C |
 GAUSP :                        20C C |  GEIN :                         201 C |
 GEINP :                        200 C | *HAS64 :                          0 - |
*HASFPU :                         0 - | *HASPMMU :                        0 - |
*INSUPMODE :                      0 - |  LDECO :                        234 C |
*LISTON :                         1 - |  LOOP :                         110 C |
 LOOP_IX :                      10D C | *MACEXP :                         7 - |
*MOMCPU :                        80 - | *MOMCPUNAME :                 "Z80" - |
*NESTMAX :                      100 - | *PADDING :                        1 - |
*PLOT :                         154 C |  PROC :                         11F C |
 RANDOM :                       17D C | *RELAXED :                        0 - |
 SPRITE :                       200 C |  STACK :                       0D20 C |
*TIME :                  "15:50:21" - | *TRUE :                           1 - |
*VERSION :                     142F - |  YX2AD :                        235 C |

     45 symbols
     23 unused symbols

 AS V1.42 Beta [Bld 240] - Source File gleest_Z1013_KRT.asm - Page 8 - 12/3/2024 15:50:21


  Defined Functions:
  ------------------

LO                                    | HI                                   

 AS V1.42 Beta [Bld 240] - Source File gleest_Z1013_KRT.asm - Page 9 - 12/3/2024 15:50:21


  Code Pages:
  ----------

STANDARD (0 changed characters)

1 code page

0.01 seconds assembly time

    351 lines source file
      2 passes
      0 errors
      0 warnings
