 AS V1.42 Beta [Bld 240] - Source File gleest_Z1013_KRT.asm - Page 1 - 11/29/2024 22:34:20


       1/       0 :                     ;------------------------------------------------------------------------------
       2/       0 :                     ; Titel:                GleEst für Z1013 KRT
       3/       0 :                     ;
       4/       0 :                     ; Erstellt:             20.11.2024
       5/       0 :                     ; Letzte Änderung:      29.11.2024
       6/       0 :                     ;------------------------------------------------------------------------------ 
       7/       0 :                     
       8/       0 :                             cpu     z80
       9/       0 :                     
      10/       0 :                     hi      function x,(x>>8)&255
      11/       0 :                     lo      function x, x&255
      12/       0 :                     
      13/       0 : =>DEFINED                    ifndef  BASE
      14/       0 :                                     BASE:   set     0100H   
      15/       0 : [13]                         endif   
      16/     100 :                                     org     BASE
      17/     100 :                             
      18/     100 : CD 01 02                    call    gein    ; Grafik einschalten
      19/     103 : CD 18 02                    call    cls     ; Bildschirm löschen
      20/     106 :                             
      21/     106 :                     ;------------------------------------------------------------------------------
      22/     106 :                             
      23/     106 :                             ; Start GleEst
      24/     106 :                             
      25/     106 : 31 20 0D                    ld      sp, stack
      26/     109 : 21 00 03                    ld      hl, buffer1
      27/     10C :                             
      28/     10C : D9                          exx
      29/     10D :                     
      30/     10D :                             loop_ix:
      31/     10D :                     
      32/     10D : 21 00 04                            ld      hl,buffer2
      33/     110 :                                     loop:   
      34/     110 :                                             ;ld     bc,10FFh        ; nur wenige Punkte (für Test)
      35/     110 : 01 06 3F                                    ld      bc,3F06h        ; BH = Abstand Punkte, BL = Anzahl Punkte 
      36/     113 :                                             
      37/     113 :                                             d_loop:
      38/     113 :                                                     ;
      39/     113 :                                                     ; Pixel löschen
      40/     113 :                                                     ;
      41/     113 :                                                     
      42/     113 : 5E                                                  ld      e,(hl)          ;BWS lo holen
      43/     114 : 23                                                  inc     hl
      44/     115 :                                                     
      45/     115 : 56                                                  ld      d,(hl)          ;BWS hi holen
      46/     116 : 23                                                  inc     hl
      47/     117 :                                                     
      48/     117 : 7E                                                  ld      a,(hl)          ;BWS-Block holen
      49/     118 : D3 08                                               out     (deco),a        ;BWS_Block setzen
      50/     11A : 23                                                  inc     hl
      51/     11B :                                                                             
      52/     11B : 1A                                                  ld      a,(de)          ;BWS-Byte holen (t)     
      53/     11C : B6                                                  or      (hl)            ;mit BWS-Byte (t-1) kombinieren (Bits löschen)                                               
      54/     11D : 12                                                  ld      (de),a          ;BWS schreiben 
      55/     11E :                                                     
      56/     11E : D9                                                  exx                     
      57/     11F :                                                     
      58/     11F : 7D                                                  proc:   ld      a,L
      59/     120 :                                                     
      60/     120 : 5E                                                          ld      e,(hl)   
 AS V1.42 Beta [Bld 240] - Source File gleest_Z1013_KRT.asm - Page 2 - 11/29/2024 22:34:20


      61/     121 : 2C                                                          inc     l
      62/     122 :                                                             
      63/     122 : 56                                                          ld      d,(hl) 
      64/     123 : 2C                                                          inc     l
      65/     124 :                                                             
      66/     124 : 2C                                                          inc     l
      67/     125 : 2C                                                          inc     l
      68/     126 :                                                             
      69/     126 : 4E                                                          ld      c,(hl)  
      70/     127 : 2C                                                          inc     l
      71/     128 :                                                             
      72/     128 : 46                                                          ld      b,(hl)
      73/     129 : EB                                                          ex      de,hl
      74/     12A : 09                                                          add     hl,bc
      75/     12B : EB                                                          ex      de,hl
      76/     12C : CB 3A                                                       srl     d
      77/     12E : CB 1B                                                       rr      e
      78/     130 : 6F                                                          ld      L,a
      79/     131 :                                                             
      80/     131 : 73                                                          ld      (hl),e
      81/     132 : 2C                                                          inc     l
      82/     133 :                                                             
      83/     133 : 72                                                          ld      (hl),d
      84/     134 : 2C                                                          inc     l
      85/     135 :                                                             
      86/     135 : D5                                                          push    de
      87/     136 : E6 02                                                       and     2       
      88/     138 :                                                             
      89/     138 : 28 E5                                               jr      z, proc
      90/     13A :                     
      91/     13A : C1                                                  pop     bc
      92/     13B : E3                                                  ex      (sp),hl
      93/     13C :                                                     
      94/     13C : D9                                                  exx
      95/     13D :                                                     
      96/     13D : 78                                                  ld      a,b
      97/     13E :                                                     
      98/     13E : D9                                                  exx
      99/     13F :                                                     
     100/     13F : FE 10                                               cp      10h
     101/     141 : 38 33                                               jr      c,dontplot
     102/     143 :                                                     
     103/     143 : 01 40 FD                                            ld      bc,0fd40h
     104/     146 : 09                                                  add     hl,bc
     105/     147 : CB 3C                                               srl     h
     106/     149 : 20 2B                                               jr      nz,dontplot
     107/     14B :                                                     
     108/     14B : CB 1D                                               rr      l
     109/     14D : 4D                                                  ld      c,L
     110/     14E : 7A                                                  ld      a,d
     111/     14F : 80                                                  add     a,b
     112/     150 : CB 3F                                               srl     a
     113/     152 : 20 22                                               jr      nz,dontplot
     114/     154 :                                                     
     115/     154 :                                             plot:
     116/     154 : 7B                                                  ld      a,e
     117/     155 : 1F                                                  rra
     118/     156 : FE FF                                               cp      0ffh		; Y max  
     119/     158 :                                                     
     120/     158 : 47                                                  ld      b,a
 AS V1.42 Beta [Bld 240] - Source File gleest_Z1013_KRT.asm - Page 3 - 11/29/2024 22:34:20


     121/     159 :                                                     
     122/     159 :                                                     ;
     123/     159 :                                                     ; Pixel schreiben
     124/     159 :                                                     ;
     125/     159 :                                                     
     126/     159 :                                                     ; yx2ad
     127/     159 :                                                     ; in:  BC = Y,X 
     128/     159 :                                                     ; out: HL = VRAM, (ldeco)= BWS-Block, A = Bitpos (3-Bit binär)
     129/     159 :                                                     
     130/     159 : DC 35 02                                            call    c,yx2ad  
     131/     15C :                     
     132/     15C : 06 01                                               ld      b,hi(sprite-1)          
     133/     15E : 2F                                                  cpl
     134/     15F : 4F                                                  ld      c,a             
     135/     160 : 0A                                                  ld      a,(bc)          ; BWS-Byte holen
     136/     161 : A6                                                  and     (hl)            ; Hintergrund und Pixel 
     137/     162 : 77                                                  ld      (hl),a          ; BWS-Byte neu schreiben
     138/     163 : 2F                                                  cpl
     139/     164 :                                                     
     140/     164 : E5                                                  push    hl
     141/     165 :                                                     
     142/     165 : D9                                                  exx
     143/     166 :                                                     
     144/     166 : D1                                                  pop     de              
     145/     167 :                                        
     146/     167 : 77                                                  ld      (hl),a          ; BWS-Byte merken
     147/     168 : 2B                                                  dec     hl
     148/     169 :                                                             
     149/     169 : 3A 34 02                                            ld      a,(ldeco)       ; BWS-Block holen
     150/     16C : 77                                                  ld      (hl),a          ; BWS-Block merken
     151/     16D : 2B                                                  dec     hl
     152/     16E :                                                     
     153/     16E : 72                                                  ld      (hl),d          ; BWS hi merken
     154/     16F : 2B                                                  dec     hl
     155/     170 :                                                     
     156/     170 : 73                                                  ld      (hl),e          ; BWS lo merken
     157/     171 : 23                                                  inc     hl                      
     158/     172 : 23                                                  inc     hl
     159/     173 : 23                                                  inc     hl              
     160/     174 : 78                                                  ld      a,b
     161/     175 :                                                     
     162/     175 : D9                                                  exx
     163/     176 :                             
     164/     176 :                                             dontplot:
     165/     176 : E1                                                  pop     hl              
     166/     177 :                                                     
     167/     177 : D9                                                  exx
     168/     178 :                                                     
     169/     178 : 23                                                  inc     hl              
     170/     179 :                     
     171/     179 : 10 98                                       djnz    d_loop
     172/     17B :                     
     173/     17B : 09                                          add     hl,bc   
     174/     17C :                                             
     175/     17C : D9                                          exx                     
     176/     17D :                                             
     177/     17D :                                             random:
     178/     17D : D1                                                  pop     de
     179/     17E : 06 10                                               ld      b,10h
     180/     180 :                                                     
 AS V1.42 Beta [Bld 240] - Source File gleest_Z1013_KRT.asm - Page 4 - 11/29/2024 22:34:20


     181/     180 : CB 23                                               backw:  sla     e
     182/     182 : CB 12                                                       rl      d
     183/     184 : 7A                                                          ld      a,d
     184/     185 : E6 C0                                                       and     0c0h    
     185/     187 : EA 8B 01                                                    jp      pe,forw
     186/     18A : 1C                                                          inc     e
     187/     18B :                                                             
     188/     18B : 10 F3                                       forw:   djnz    backw
     189/     18D :                                             
     190/     18D : 7A                                                  ld      a,d
     191/     18E : D5                                                  push    de
     192/     18F : 1F                                                  rra
     193/     190 : CB 18                                               rr      b
     194/     192 : E6 07                                               and     07h
     195/     194 : 70                                                  ld      (hl),b   
     196/     195 : 2C                                                  inc     l
     197/     196 : 77                                                  ld      (hl),a  
     198/     197 : 2C                                                  inc     l
     199/     198 : 20 E3                                       jr      nz,random
     200/     19A :                                             
     201/     19A : D9                                          exx                             
     202/     19B :                                             
     203/     19B : 3E 0D                                       ld      a,hi(buffer2_end)
     204/     19D : BC                                          cp      a,h
     205/     19E :                                             
     206/     19E : C2 10 01                            jp      nz,loop
     207/     1A1 :                                     
     208/     1A1 : C3 0D 01                    jp      loop_ix
     209/     1A4 :                             
     210/     1A4 :                     ;------------------------------------------------------------------------------
     211/     1A4 :                     
     212/     1F8 :                             org     BASE+0F8h
     213/     1F8 :                     
     214/     1F8 : FE                          db      11111110b
     215/     1F9 : FD                          db      11111101b
     216/     1FA : FB                          db      11111011b
     217/     1FB : F7                          db      11110111b
     218/     1FC : EF                          db      11101111b
     219/     1FD : DF                          db      11011111b
     220/     1FE : BF                          db      10111111b
     221/     1FF : 7F                          db      01111111b
     222/     200 :                     sprite:
     223/     200 :                     
     224/     200 :                             
     225/     200 :                     ;------------------------------------------------------------------------------
     226/     200 :                     ; Z1013 KRT Grafik-Routinen von Dietmar Uhlig aus:
     227/     200 :                     ;
     228/     200 :                     ; https://github.com/duhlig/Z1013_software
     229/     200 :                     ;
     230/     200 :                     ;------------------------------------------------------------------------------
     231/     200 :                     
     232/     200 :                     ;;; Grafik einschalten
     233/     200 :                     
     234/     200 : 08                  geinp:  defb 08h        ; KRT: Port 8, FA: Port 0CH
     235/     201 :                     
     236/     201 : C5                  gein:   push bc
     237/     202 : 3A 00 02                    ld   a,(geinp)
     238/     205 : 4F                          ld   c,a
     239/     206 : 3E 08                       ld   a,08h
     240/     208 : ED 79                       out  (c),a
 AS V1.42 Beta [Bld 240] - Source File gleest_Z1013_KRT.asm - Page 5 - 11/29/2024 22:34:20


     241/     20A : C1                          pop  bc
     242/     20B : C9                          ret
     243/     20C :                     
     244/     20C :                     ;;; Grafik ausschalten
     245/     20C :                     
     246/     20C : 08                  gausp:  defb 08h        ; KRT: Port 8, FA: Port 10H
     247/     20D :                     
     248/     20D : C5                  gaus:   push bc
     249/     20E : 3A 0C 02                    ld   a,(gausp)
     250/     211 : 4F                          ld   c,a
     251/     212 : 3E 09                       ld   a,09h
     252/     214 : ED 79                       out  (c),a
     253/     216 : C1                          pop  bc
     254/     217 : C9                          ret
     255/     218 :                     
     256/     218 :                     ;;; Bildschirm löschen
     257/     218 :                     
     258/     218 : =8H                  deco    equ  08h
     259/     218 :                     
     260/     218 : E5                  cls:    push    hl
     261/     219 : D5                          push    de
     262/     21A : C5                          push    bc
     263/     21B :                             
     264/     21B : AF                          xor     a               ; Block 0
     265/     21C : D3 08               cls1:   out     (deco), a       ; Block aktivieren
     266/     21E : 21 00 EC                    ld      hl, 0EC00h      ; BWS Anfang
     267/     221 : 36 FF                       ld      (hl), 0FFh      ; erste 8 Pixel auf Hintergrund"farbe"
     268/     223 : 54                          ld      d, h
     269/     224 : 5D                          ld      e, l
     270/     225 : 13                          inc     de              ; Beginn des überlappenden Bereichs
     271/     226 : 01 FF 03                    ld      bc, 003FFh      ; Länge_BWS - 1
     272/     229 : ED B0                       ldir                    ; Hintergrund über BWS schmieren
     273/     22B : 3C                          inc     a
     274/     22C : FE 08                       cp      008h            ; Anzahl Blöcke
     275/     22E : 20 EC                       jr      nz, cls1
     276/     230 :                             
     277/     230 : C1                          pop     bc
     278/     231 : D1                          pop     de
     279/     232 : E1                          pop     hl
     280/     233 :                             
     281/     233 : C9                          ret
     282/     234 :                     
     283/     234 :                     ;;; Angepasst und erweitert für GleEst (HST, 28.11.24)  
     284/     234 :                     ;;;
     285/     234 :                     ;;; Koordinaten (BC) in BWS-Adresse (HL) umrechnen,
     286/     234 :                     ;;; Speicherseite schalten und merken in -> (ldeco) last deco,
     287/     234 :                     ;;; Pixelspalte in Reg. a zurückgeben
     288/     234 :                     
     289/     234 : 00                  ldeco:  db      0
     290/     235 :                     
     291/     235 : 78                  yx2ad:  ld   a,b        ; y-Koord.
     292/     236 : E6 F8                       and  a,0F8h     ; Bits 7-3 sind Teil der BWS-Adr.
     293/     238 : 6F                          ld   l,a
     294/     239 : 26 00                       ld   h,000h
     295/     23B : 29                          add  hl,hl
     296/     23C : 29                          add  hl,hl      ; y[7..3] -> BWS[9..5]
     297/     23D : 79                          ld   a,c        ; x-Koord.
     298/     23E : E6 F8                       and  a,0F8h     ; Bits 7-3 sind Teil der BWS-Adr.
     299/     240 : 0F                          rrca
     300/     241 : 0F                          rrca
 AS V1.42 Beta [Bld 240] - Source File gleest_Z1013_KRT.asm - Page 6 - 11/29/2024 22:34:20


     301/     242 : 0F                          rrca
     302/     243 : B5                          or   l          ; l[4..0] ist 0
     303/     244 : 6F                          ld   l,a        ; x[7..3] -> BWS[4..0]
     304/     245 : 7C                          ld   a,h
     305/     246 : C6 EC                       add  a,0ECh
     306/     248 : 67                          ld   h,a        ; --> hl += %EC00
     307/     249 : 78                          ld   a,b        ; a:=(pixze)
     308/     24A : E6 07                       and  a,007h     ; y[2..0] -> G-BWS-Block/-Seite
     309/     24C : D3 08                       out  (deco),a
     310/     24E : 32 34 02                    ld   (ldeco),a
     311/     251 : 79                          ld   a,c        ; a:=(pixsp)
     312/     252 : E6 07                       and  a,007h     ; x[2..0] ist Bitpos. im BWS-Byte       
     313/     254 : C9                          ret
     314/     255 :                             
     315/     255 :                     end
     316/     255 :                     
     317/     255 :                     ;------------------------------------------------------------------------------
     318/     255 :                     
     319/     255 :                             ; RAM für GleEst
     320/     255 :                             
     321/     255 :                             align   100h
     322/     300 :                             
     323/     300 :                     buffer1:        
     324/     300 :                             ds      100h
     325/     400 :                     buffer2:        
     326/     400 :                             ds      900h
     327/     D00 :                     buffer2_end:    
     328/     D00 :                             ds      20h
     329/     D20 :                     stack:  
     330/     D20 :                             
     331/     D20 :                             
     332/     D20 :                     
     333/     D20 :                     
     334/     D20 :                     
     335/     D20 :                     
 AS V1.42 Beta [Bld 240] - Source File gleest_Z1013_KRT.asm - Page 7 - 11/29/2024 22:34:20


  Symbol Table (* = unused):
  --------------------------

*ARCHITECTURE :                                        "i386-unknown-win32" - |
 BACKW :                        180 C |  BASE :                         100 - |
 BUFFER1 :                      300 C |  BUFFER2 :                      400 C |
 BUFFER2_END :                 0D00 C | *CASESENSITIVE :                  0 - |
 CLS :                          218 C |  CLS1 :                         21C C |
*CONSTPI :        3.141592653589793 - | *DATE :                "11/29/2024" - |
 DECO :                           8 - |  DONTPLOT :                     176 C |
 D_LOOP :                       113 C | *END :                          255 C |
*FALSE :                          0 - |  FORW :                         18B C |
*FULLPMMU :                       1 - | *GAUS :                         20D C |
 GAUSP :                        20C C |  GEIN :                         201 C |
 GEINP :                        200 C | *HAS64 :                          0 - |
*HASFPU :                         0 - | *HASPMMU :                        0 - |
*INSUPMODE :                      0 - |  LDECO :                        234 C |
*LISTON :                         1 - |  LOOP :                         110 C |
 LOOP_IX :                      10D C | *MACEXP :                         7 - |
*MOMCPU :                        80 - | *MOMCPUNAME :                 "Z80" - |
*NESTMAX :                      100 - | *PADDING :                        1 - |
*PLOT :                         154 C |  PROC :                         11F C |
 RANDOM :                       17D C | *RELAXED :                        0 - |
 SPRITE :                       200 C |  STACK :                       0D20 C |
*TIME :                  "22:34:20" - | *TRUE :                           1 - |
*VERSION :                     142F - |  YX2AD :                        235 C |

     45 symbols
     23 unused symbols

 AS V1.42 Beta [Bld 240] - Source File gleest_Z1013_KRT.asm - Page 8 - 11/29/2024 22:34:20


  Defined Functions:
  ------------------

LO                                    | HI                                   

 AS V1.42 Beta [Bld 240] - Source File gleest_Z1013_KRT.asm - Page 9 - 11/29/2024 22:34:20


  Code Pages:
  ----------

STANDARD (0 changed characters)

1 code page

0.02 seconds assembly time

    335 lines source file
      2 passes
      0 errors
      0 warnings
